<html>
<body>
<pre>
<h1>µVision Build Log</h1>
<h2>Tool Versions:</h2>
IDE-Version: ¦ÌVision V5.24.2.0
Copyright (C) 2017 ARM Ltd and ARM Germany GmbH. All rights reserved.
License Information: Y lenovo, YOU, LIC=9WSKC-7UXTZ-Z9KG9-49I50-QR67F-XMXIN
 
Tool Versions:
Toolchain:       MDK-ARM Plus  Version: 5.24.1
Toolchain Path:  D:\keil2\ARM\ARMCC\Bin
C Compiler:      Armcc.exe V5.06 update 5 (build 528)
Assembler:       Armasm.exe V5.06 update 5 (build 528)
Linker/Locator:  ArmLink.exe V5.06 update 5 (build 528)
Library Manager: ArmAr.exe V5.06 update 5 (build 528)
Hex Converter:   FromElf.exe V5.06 update 5 (build 528)
CPU DLL:         SARMCM3.DLL V5.24.1
Dialog DLL:      DCM.DLL V1.16.0.0
Target DLL:      STLink\ST-LINKIII-KEIL_SWO.dll V3.0.1.0
Dialog DLL:      TCM.DLL V1.32.0.0
 
<h2>Project:</h2>
D:\³ãÑæÌìñ·\H723VGT6_Demo\H723VGT6_Demo\MDK-ARM\H723VGT6_Demo.uvprojx
Project File Date:  03/16/2026

<h2>Output:</h2>
*** Using Compiler 'V5.06 update 5 (build 528)', folder: 'D:\keil2\ARM\ARMCC\Bin'
Build target 'H723VGT6_Demo'
compiling MotorControl.c...
..\User_dvc\MotorControl.h(24): warning:  #1-D: last line of file ends without a newline
  #endif /* __MOTOR_CONTROL_H */
..\User_dvc\MotorControl.c(9): warning:  #3630-D: invalid narrowing conversion from "unsigned short" to "unsigned char"
      cmd_1.id   = 0,
..\User_dvc\MotorControl.c(10): warning:  #3630-D: invalid narrowing conversion from "unsigned short" to "unsigned char"
      cmd_1.mode = 1,
..\User_dvc\MotorControl.c(11): warning:  #3630-D: invalid narrowing conversion from "float" to "unsigned char"
      cmd_1.T    = 0.0f,
..\User_dvc\MotorControl.c(12): warning:  #3630-D: invalid narrowing conversion from "float" to "unsigned char"
      cmd_1.W    = 0.0f,
..\User_dvc\MotorControl.c(13): warning:  #3630-D: invalid narrowing conversion from "float" to "unsigned char"
      cmd_1.Pos  = 4.31f,
..\User_dvc\MotorControl.c(14): warning:  #3630-D: invalid narrowing conversion from "float" to "signed short"
      cmd_1.K_P  = 0.6f,
..\User_dvc\MotorControl.c(15): warning:  #3630-D: invalid narrowing conversion from "float" to "signed short"
      cmd_1.K_W  = 0.04f
..\User_dvc\MotorControl.c(18): warning:  #3630-D: invalid narrowing conversion from "unsigned short" to "unsigned char"
      cmd_2.id   = 3,
..\User_dvc\MotorControl.c(19): warning:  #3630-D: invalid narrowing conversion from "unsigned short" to "unsigned char"
      cmd_2.mode = 1,
..\User_dvc\MotorControl.c(20): warning:  #3630-D: invalid narrowing conversion from "float" to "unsigned char"
      cmd_2.T    = 0.0f,
..\User_dvc\MotorControl.c(21): warning:  #3630-D: invalid narrowing conversion from "float" to "unsigned char"
      cmd_2.W    = 0.0f,
..\User_dvc\MotorControl.c(22): warning:  #3630-D: invalid narrowing conversion from "float" to "unsigned char"
      cmd_2.Pos  = 5.56f,
..\User_dvc\MotorControl.c(23): warning:  #3630-D: invalid narrowing conversion from "float" to "signed short"
      cmd_2.K_P  = 0.6f,
..\User_dvc\MotorControl.c(24): warning:  #3630-D: invalid narrowing conversion from "float" to "signed short"
      cmd_2.K_W  = 0.04f
..\User_dvc\MotorControl.c(27): warning:  #3630-D: invalid narrowing conversion from "unsigned short" to "unsigned char"
      cmd_3.id   = 4,
..\User_dvc\MotorControl.c(28): warning:  #3630-D: invalid narrowing conversion from "unsigned short" to "unsigned char"
      cmd_3.mode = 1,
..\User_dvc\MotorControl.c(29): warning:  #3630-D: invalid narrowing conversion from "float" to "unsigned char"
      cmd_3.T    = 0.0f,
..\User_dvc\MotorControl.c(30): warning:  #3630-D: invalid narrowing conversion from "float" to "unsigned char"
      cmd_3.W    = 0.0f,
..\User_dvc\MotorControl.c(31): warning:  #3630-D: invalid narrowing conversion from "float" to "unsigned char"
      cmd_3.Pos  = 1.07f,
..\User_dvc\MotorControl.c(32): warning:  #3630-D: invalid narrowing conversion from "float" to "signed short"
      cmd_3.K_P  = 0.6f,
..\User_dvc\MotorControl.c(33): warning:  #3630-D: invalid narrowing conversion from "float" to "signed short"
      cmd_3.K_W  = 0.04f
..\User_dvc\MotorControl.c(41): warning:  #177-D: variable "last_check_time"  was declared but never referenced
  static uint32_t last_check_time = 0;
..\User_dvc\MotorControl.c: 23 warnings, 0 errors
compiling ita_robot.cpp...
../User_dvc/MotorControl.h(24): warning:  #1-D: last line of file ends without a newline
  #endif /* __MOTOR_CONTROL_H */
..\User_ita\ita_robot.cpp(139): warning:  #1035-D: single-precision operand implicitly converted to double-precision
              if(dr16_r_y>0.5)
..\User_ita\ita_robot.cpp(119): warning:  #550-D: variable "dr16_r_x"  was set but never used
          float dr16_l_x, dr16_l_y, dr16_yaw, dr16_r_x, dr16_r_y;    
..\User_ita\ita_robot.cpp: 3 warnings, 0 errors
compiling tsk_config_and_callback.cpp...
../User_dvc/MotorControl.h(24): warning:  #1-D: last line of file ends without a newline
  #endif /* __MOTOR_CONTROL_H */
..\User_tsk\tsk_config_and_callback.cpp: 1 warning, 0 errors
linking...
Program Size: Code=53770 RO-data=1746 RW-data=1256 ZI-data=11792  
FromELF: creating hex file...
"H723VGT6_Demo\H723VGT6_Demo.axf" - 0 Error(s), 27 Warning(s).

<h2>Software Packages used:</h2>

Package Vendor: ARM
                http://www.keil.com/pack/ARM.CMSIS.5.0.1.pack
                ARM.CMSIS.5.0.1
                CMSIS (Cortex Microcontroller Software Interface Standard)
   * Component: CORE Version: 5.0.1

Package Vendor: Keil
                https://www.keil.com/pack/Keil.STM32H7xx_DFP.3.1.0.pack
                Keil.STM32H7xx_DFP.3.1.0
                STMicroelectronics STM32H7 Series Device Support and Examples

<h2>Collection of Component include folders:</h2>
  .\RTE\_H723VGT6_Demo
  D:\keil2\ARM\PACK\ARM\CMSIS\5.0.1\CMSIS\Include
  D:\keil2\ARM\PACK\Keil\STM32H7xx_DFP\3.1.0\Drivers\CMSIS\Device\ST\STM32H7xx\Include

<h2>Collection of Component Files used:</h2>

   * Component: ARM::CMSIS:CORE:5.0.1
Build Time Elapsed:  00:00:03
</pre>
</body>
</html>
